00000: process 1 new
00000: process 1 ready
00000: process 2 new
00000: process 2 ready
00000: process 3 new
00000: process 3 ready
00000: process 4 new
00000: process 4 ready
00000: process 1 running
00003: process 1 ready
00003: process 2 running
00006: process 2 ready
00006: process 3 running
00009: process 3 ready
00009: process 4 running
00012: process 4 ready
00012: process 1 running
00014: process 1 blocked
00014: process 2 running
00015: process 1 ready
00016: process 2 blocked
00016: process 3 running
00018: process 2 ready
00018: process 3 blocked
00018: process 4 running
00019: process 3 ready
00020: process 4 blocked
00020: process 1 running
00022: process 4 ready
00023: process 1 ready
00023: process 2 running
00026: process 2 ready
00026: process 3 running
00029: process 3 ready
00029: process 4 running
00032: process 4 ready
00032: process 1 running
00033: process 1 blocked
00033: process 2 running
00034: process 1 ready
00035: process 2 blocked
00035: process 3 running
00036: process 3 blocked
00036: process 4 running
00037: process 2 ready
00037: process 3 ready
00038: process 4 blocked
00038: process 1 running
00040: process 4 ready
00041: process 1 ready
00041: process 2 running
00044: process 2 ready
00044: process 3 running
00047: process 3 ready
00047: process 4 running
00050: process 4 ready
00050: process 1 running
00051: process 1 blocked
00051: process 2 running
00052: process 1 ready
00053: process 2 blocked
00053: process 3 running
00054: process 3 blocked
00054: process 4 running
00055: process 2 ready
00055: process 3 ready
00056: process 4 blocked
00056: process 1 running
00058: process 4 ready
00059: process 1 ready
00059: process 2 running
00062: process 2 ready
00062: process 3 running
00065: process 3 ready
00065: process 4 running
00068: process 4 ready
00068: process 1 running
00069: process 1 blocked
00069: process 2 running
00070: process 1 ready
00071: process 2 blocked
00071: process 3 running
00072: process 3 blocked
00072: process 4 running
00073: process 2 ready
00073: process 3 ready
00074: process 4 blocked
00074: process 1 running
00076: process 4 ready
00077: process 1 ready
00077: process 2 running
00080: process 2 ready
00080: process 3 running
00083: process 3 ready
00083: process 4 running
00086: process 4 ready
00086: process 1 running
00087: process 1 blocked
00087: process 2 running
00088: process 1 ready
00089: process 2 finished
00089: process 3 running
00090: process 3 blocked
00090: process 4 running
00091: process 3 ready
00092: process 4 finished
00092: process 1 running
00095: process 1 ready
00095: process 3 running
00098: process 3 ready
00098: process 1 running
00099: process 1 finished
00099: process 3 running
00100: process 3 finished
Process 1: Run time 25, Block time 5, Wait time 69
Process 2: Run time 25, Block time 8, Wait time 56
Process 3: Run time 25, Block time 5, Wait time 70
Process 4: Run time 25, Block time 8, Wait time 59
