00000: process 1 new
00000: process 1 ready
00000: process 2 new
00000: process 2 ready
00000: process 2 running
00003: process 2 ready
00003: process 2 running
00005: process 2 blocked
00005: process 1 running
00007: process 2 ready
00007: process 1 ready
00007: process 2 running
00010: process 2 ready
00010: process 2 running
00012: process 2 blocked
00012: process 1 running
00014: process 2 ready
00014: process 1 ready
00014: process 2 running
00017: process 2 ready
00017: process 2 running
00019: process 2 blocked
00019: process 1 running
00020: process 1 blocked
00021: process 2 ready
00021: process 1 ready
00021: process 2 running
00024: process 2 ready
00024: process 2 running
00026: process 2 blocked
00026: process 1 running
00028: process 2 ready
00028: process 1 ready
00028: process 2 running
00031: process 2 ready
00031: process 2 running
00033: process 2 finished
00033: process 1 running
00035: process 1 blocked
00036: process 1 ready
00036: process 1 running
00039: process 1 ready
00039: process 1 running
00040: process 1 blocked
00041: process 1 ready
00041: process 1 running
00044: process 1 ready
00044: process 1 running
00045: process 1 blocked
00046: process 1 ready
00046: process 1 running
00049: process 1 ready
00049: process 1 running
00050: process 1 blocked
00051: process 1 ready
00051: process 1 running
00054: process 1 ready
00054: process 1 running
00055: process 1 finished
Process 1: Run time 25, Block time 5, Wait time 25
Process 2: Run time 25, Block time 8, Wait time 0
