00000: process 1 new
00000: process 1 ready
00000: process 2 new
00000: process 2 ready
00000: process 3 new
00000: process 3 ready
00000: process 4 new
00000: process 4 ready
00000: process 1 running
00002: process 1 blocked
00002: process 2 running
00004: process 2 blocked
00004: process 3 running
00006: process 3 blocked
00006: process 4 running
00007: process 1 ready
00007: process 4 ready
00007: process 1 running
00008: process 1 blocked
00008: process 4 running
00009: process 4 blocked
00010: process 2 ready
00010: process 2 running
00011: process 3 ready
00011: process 2 ready
00011: process 3 running
00012: process 3 blocked
00012: process 2 running
00013: process 1 ready
00013: process 2 blocked
00013: process 1 running
00014: process 1 blocked
00015: process 4 ready
00015: process 4 running
00017: process 3 ready
00017: process 4 blocked
00017: process 3 running
00018: process 3 blocked
00019: process 2 ready
00019: process 1 ready
00019: process 1 running
00020: process 1 blocked
00020: process 2 running
00022: process 2 blocked
00023: process 4 ready
00023: process 3 ready
00023: process 3 running
00024: process 3 blocked
00024: process 4 running
00025: process 1 ready
00025: process 4 ready
00025: process 1 running
00026: process 1 blocked
00026: process 4 running
00027: process 4 blocked
00028: process 2 ready
00028: process 2 running
00029: process 3 ready
00029: process 2 ready
00029: process 3 running
00030: process 3 blocked
00030: process 2 running
00031: process 1 ready
00031: process 2 blocked
00031: process 1 running
00032: process 1 finished
00033: process 4 ready
00033: process 4 running
00035: process 3 ready
00035: process 4 blocked
00035: process 3 running
00036: process 3 finished
00037: process 2 ready
00037: process 2 running
00039: process 2 finished
00041: process 4 ready
00041: process 4 running
00043: process 4 finished
Process 1: Run time 7, Block time 25, Wait time 0
Process 2: Run time 10, Block time 24, Wait time 5
Process 3: Run time 7, Block time 25, Wait time 4
Process 4: Run time 10, Block time 24, Wait time 9
