00000: process 1 new
00000: process 1 ready
00000: process 2 new
00000: process 2 ready
00000: process 3 new
00000: process 3 ready
00000: process 4 new
00000: process 4 ready
00000: process 5 new
00000: process 5 ready
00000: process 6 new
00000: process 6 ready
00000: process 7 new
00000: process 7 ready
00000: process 8 new
00000: process 8 ready
00000: process 1 running
00003: process 1 ready
00003: process 2 running
00006: process 2 ready
00006: process 3 running
00009: process 3 ready
00009: process 4 running
00012: process 4 ready
00012: process 5 running
00014: process 5 blocked
00014: process 6 running
00016: process 6 blocked
00016: process 7 running
00018: process 7 blocked
00018: process 8 running
00019: process 5 ready
00020: process 8 blocked
00020: process 1 running
00022: process 6 ready
00022: process 1 blocked
00022: process 2 running
00023: process 7 ready
00023: process 1 ready
00024: process 2 blocked
00024: process 3 running
00026: process 8 ready
00026: process 2 ready
00026: process 3 blocked
00026: process 4 running
00027: process 3 ready
00028: process 4 blocked
00028: process 5 running
00029: process 5 blocked
00029: process 6 running
00030: process 4 ready
00031: process 6 blocked
00031: process 7 running
00032: process 7 blocked
00032: process 1 running
00034: process 5 ready
00035: process 1 ready
00035: process 8 running
00037: process 6 ready
00037: process 7 ready
00037: process 8 blocked
00037: process 2 running
00040: process 2 ready
00040: process 3 running
00043: process 8 ready
00043: process 3 ready
00043: process 4 running
00046: process 4 ready
00046: process 5 running
00047: process 5 blocked
00047: process 1 running
00048: process 1 blocked
00048: process 6 running
00049: process 1 ready
00050: process 6 blocked
00050: process 7 running
00051: process 7 blocked
00051: process 2 running
00052: process 5 ready
00053: process 2 blocked
00053: process 8 running
00055: process 2 ready
00055: process 8 blocked
00055: process 3 running
00056: process 6 ready
00056: process 7 ready
00056: process 3 blocked
00056: process 4 running
00057: process 3 ready
00058: process 4 blocked
00058: process 1 running
00060: process 4 ready
00061: process 8 ready
00061: process 1 ready
00061: process 5 running
00062: process 5 blocked
00062: process 2 running
00065: process 2 ready
00065: process 6 running
00067: process 5 ready
00067: process 6 blocked
00067: process 7 running
00068: process 7 blocked
00068: process 3 running
00071: process 3 ready
00071: process 4 running
00073: process 6 ready
00073: process 7 ready
00074: process 4 ready
00074: process 8 running
00076: process 8 blocked
00076: process 1 running
00077: process 1 blocked
00077: process 2 running
00078: process 1 ready
00079: process 2 blocked
00079: process 5 running
00080: process 5 blocked
00080: process 3 running
00081: process 2 ready
00081: process 3 blocked
00081: process 6 running
00082: process 8 ready
00082: process 3 ready
00083: process 6 finished
00083: process 7 running
00084: process 7 blocked
00084: process 4 running
00085: process 5 ready
00086: process 4 blocked
00086: process 1 running
00088: process 4 ready
00089: process 7 ready
00089: process 1 ready
00089: process 2 running
00092: process 2 ready
00092: process 8 running
00094: process 8 finished
00094: process 3 running
00097: process 3 ready
00097: process 5 running
00098: process 5 finished
00098: process 4 running
00101: process 4 ready
00101: process 7 running
00102: process 7 finished
00102: process 1 running
00103: process 1 blocked
00103: process 2 running
00104: process 1 ready
00105: process 2 blocked
00105: process 3 running
00106: process 3 blocked
00106: process 4 running
00107: process 2 ready
00107: process 3 ready
00108: process 4 blocked
00108: process 1 running
00110: process 4 ready
00111: process 1 ready
00111: process 2 running
00114: process 2 ready
00114: process 3 running
00117: process 3 ready
00117: process 4 running
00120: process 4 ready
00120: process 1 running
00121: process 1 blocked
00121: process 2 running
00122: process 1 ready
00123: process 2 finished
00123: process 3 running
00124: process 3 blocked
00124: process 4 running
00125: process 3 ready
00126: process 4 finished
00126: process 1 running
00129: process 1 ready
00129: process 3 running
00132: process 3 ready
00132: process 1 running
00133: process 1 finished
00133: process 3 running
00134: process 3 finished
Process 1: Run time 25, Block time 5, Wait time 103
Process 2: Run time 25, Block time 8, Wait time 90
Process 3: Run time 25, Block time 5, Wait time 104
Process 4: Run time 25, Block time 8, Wait time 93
Process 5: Run time 7, Block time 25, Wait time 66
Process 6: Run time 10, Block time 24, Wait time 49
Process 7: Run time 7, Block time 25, Wait time 70
Process 8: Run time 10, Block time 24, Wait time 60
