00000: process 1 new
00000: process 1 ready
00000: process 2 new
00000: process 2 ready
00000: process 3 new
00000: process 3 ready
00000: process 4 new
00000: process 4 ready
00000: process 1 running
00003: process 1 ready
00003: process 1 running
00005: process 1 blocked
00005: process 2 running
00006: process 1 ready
00006: process 2 ready
00006: process 1 running
00009: process 1 ready
00009: process 1 running
00010: process 1 blocked
00010: process 2 running
00011: process 1 ready
00013: process 2 ready
00013: process 2 running
00014: process 2 blocked
00014: process 1 running
00016: process 2 ready
00017: process 1 ready
00017: process 1 running
00018: process 1 blocked
00018: process 3 running
00019: process 1 ready
00019: process 3 ready
00019: process 1 running
00022: process 1 ready
00022: process 1 running
00023: process 1 blocked
00023: process 3 running
00024: process 1 ready
00026: process 3 ready
00026: process 3 running
00027: process 3 blocked
00027: process 1 running
00028: process 3 ready
00030: process 1 ready
00030: process 1 running
00031: process 1 blocked
00031: process 3 running
00032: process 1 ready
00034: process 3 ready
00034: process 3 running
00035: process 3 blocked
00035: process 1 running
00036: process 3 ready
00038: process 1 ready
00038: process 1 running
00039: process 1 finished
00039: process 3 running
00042: process 3 ready
00042: process 3 running
00043: process 3 blocked
00043: process 4 running
00044: process 3 ready
00044: process 4 ready
00044: process 3 running
00047: process 3 ready
00047: process 3 running
00048: process 3 blocked
00048: process 4 running
00049: process 3 ready
00051: process 4 ready
00051: process 4 running
00052: process 4 blocked
00052: process 3 running
00054: process 4 ready
00055: process 3 ready
00055: process 3 running
00056: process 3 blocked
00056: process 2 running
00057: process 3 ready
00057: process 2 ready
00057: process 3 running
00060: process 3 ready
00060: process 3 running
00061: process 3 finished
00061: process 2 running
00064: process 2 ready
00064: process 2 running
00065: process 2 blocked
00065: process 4 running
00067: process 2 ready
00068: process 4 ready
00068: process 4 running
00070: process 4 blocked
00070: process 2 running
00072: process 4 ready
00073: process 2 ready
00073: process 2 running
00075: process 2 blocked
00075: process 4 running
00077: process 2 ready
00078: process 4 ready
00078: process 4 running
00080: process 4 blocked
00080: process 2 running
00082: process 4 ready
00083: process 2 ready
00083: process 2 running
00085: process 2 blocked
00085: process 4 running
00087: process 2 ready
00088: process 4 ready
00088: process 4 running
00090: process 4 blocked
00090: process 2 running
00092: process 4 ready
00093: process 2 ready
00093: process 2 running
00095: process 2 finished
00095: process 4 running
00098: process 4 ready
00098: process 4 running
00100: process 4 finished
Process 1: Run time 25, Block time 5, Wait time 9
Process 2: Run time 25, Block time 8, Wait time 62
Process 3: Run time 25, Block time 5, Wait time 31
Process 4: Run time 25, Block time 8, Wait time 67
