00000: process 1 new
00000: process 1 ready
00000: process 2 new
00000: process 2 ready
00000: process 1 running
00002: process 1 blocked
00002: process 2 running
00004: process 2 blocked
00007: process 1 ready
00007: process 1 running
00008: process 1 blocked
00010: process 2 ready
00010: process 2 running
00012: process 2 blocked
00013: process 1 ready
00013: process 1 running
00014: process 1 blocked
00018: process 2 ready
00018: process 2 running
00019: process 1 ready
00020: process 2 blocked
00020: process 1 running
00021: process 1 blocked
00026: process 2 ready
00026: process 1 ready
00026: process 2 running
00028: process 2 blocked
00028: process 1 running
00029: process 1 blocked
00034: process 2 ready
00034: process 1 ready
00034: process 2 running
00036: process 2 finished
00036: process 1 running
00037: process 1 finished
Process 1: Run time 7, Block time 25, Wait time 5
Process 2: Run time 10, Block time 24, Wait time 2
