00000: process 1 new
00000: process 1 ready
00000: process 2 new
00000: process 2 ready
00000: process 3 new
00000: process 3 ready
00000: process 4 new
00000: process 4 ready
00000: process 2 running
00002: process 2 blocked
00002: process 1 running
00004: process 1 blocked
00004: process 4 running
00006: process 4 blocked
00006: process 3 running
00008: process 2 ready
00008: process 3 blocked
00008: process 2 running
00009: process 1 ready
00010: process 2 blocked
00010: process 1 running
00011: process 1 blocked
00012: process 4 ready
00012: process 4 running
00013: process 3 ready
00014: process 4 blocked
00014: process 3 running
00015: process 3 blocked
00016: process 2 ready
00016: process 1 ready
00016: process 2 running
00018: process 2 blocked
00018: process 1 running
00019: process 1 blocked
00020: process 4 ready
00020: process 3 ready
00020: process 4 running
00022: process 4 blocked
00022: process 3 running
00023: process 3 blocked
00024: process 2 ready
00024: process 1 ready
00024: process 2 running
00026: process 2 blocked
00026: process 1 running
00027: process 1 blocked
00028: process 4 ready
00028: process 3 ready
00028: process 4 running
00030: process 4 blocked
00030: process 3 running
00031: process 3 blocked
00032: process 2 ready
00032: process 1 ready
00032: process 2 running
00034: process 2 finished
00034: process 1 running
00035: process 1 blocked
00036: process 4 ready
00036: process 3 ready
00036: process 4 running
00038: process 4 finished
00038: process 3 running
00039: process 3 blocked
00040: process 1 ready
00040: process 1 running
00041: process 1 finished
00044: process 3 ready
00044: process 3 running
00045: process 3 finished
Process 1: Run time 7, Block time 25, Wait time 9
Process 2: Run time 10, Block time 24, Wait time 0
Process 3: Run time 7, Block time 25, Wait time 13
Process 4: Run time 10, Block time 24, Wait time 4
