00000: process 1 new
00000: process 1 ready
00000: process 2 new
00000: process 2 ready
00000: process 1 running
00003: process 1 ready
00003: process 2 running
00006: process 2 ready
00006: process 1 running
00008: process 1 blocked
00008: process 2 running
00009: process 1 ready
00010: process 2 blocked
00010: process 1 running
00012: process 2 ready
00013: process 1 ready
00013: process 2 running
00016: process 2 ready
00016: process 1 running
00017: process 1 blocked
00017: process 2 running
00018: process 1 ready
00019: process 2 blocked
00019: process 1 running
00021: process 2 ready
00022: process 1 ready
00022: process 2 running
00025: process 2 ready
00025: process 1 running
00026: process 1 blocked
00026: process 2 running
00027: process 1 ready
00028: process 2 blocked
00028: process 1 running
00030: process 2 ready
00031: process 1 ready
00031: process 2 running
00034: process 2 ready
00034: process 1 running
00035: process 1 blocked
00035: process 2 running
00036: process 1 ready
00037: process 2 blocked
00037: process 1 running
00039: process 2 ready
00040: process 1 ready
00040: process 2 running
00043: process 2 ready
00043: process 1 running
00044: process 1 blocked
00044: process 2 running
00045: process 1 ready
00046: process 2 finished
00046: process 1 running
00049: process 1 ready
00049: process 1 running
00050: process 1 finished
Process 1: Run time 25, Block time 5, Wait time 20
Process 2: Run time 25, Block time 8, Wait time 13
