00000: process 1 new
00000: process 1 ready
00000: process 2 new
00000: process 2 ready
00000: process 1 running
00003: process 1 ready
00003: process 1 running
00005: process 1 blocked
00005: process 2 running
00006: process 1 ready
00006: process 2 ready
00006: process 1 running
00009: process 1 ready
00009: process 1 running
00010: process 1 blocked
00010: process 2 running
00011: process 1 ready
00013: process 2 ready
00013: process 2 running
00014: process 2 blocked
00014: process 1 running
00016: process 2 ready
00017: process 1 ready
00017: process 1 running
00018: process 1 blocked
00018: process 2 running
00019: process 1 ready
00019: process 2 ready
00019: process 1 running
00022: process 1 ready
00022: process 1 running
00023: process 1 blocked
00023: process 2 running
00024: process 1 ready
00026: process 2 ready
00026: process 2 running
00027: process 2 blocked
00027: process 1 running
00029: process 2 ready
00030: process 1 ready
00030: process 1 running
00031: process 1 blocked
00031: process 2 running
00032: process 1 ready
00032: process 2 ready
00032: process 1 running
00035: process 1 ready
00035: process 1 running
00036: process 1 finished
00036: process 2 running
00039: process 2 ready
00039: process 2 running
00040: process 2 blocked
00042: process 2 ready
00042: process 2 running
00045: process 2 ready
00045: process 2 running
00047: process 2 blocked
00049: process 2 ready
00049: process 2 running
00052: process 2 ready
00052: process 2 running
00054: process 2 finished
Process 1: Run time 25, Block time 5, Wait time 6
Process 2: Run time 25, Block time 8, Wait time 21
